[
  {
    "name": "Aged Brie",
    "quality": 1,
    "sellIn": 1
  }
]
